{		//moge: former status restored
    "id": 0,/* 31ec7538-2e4c-11e5-9284-b827eb9e62be */
    "uid": "42",/* Release version 1.8.0 */
    "user_id": 1,
    "namespace": "octocat",
    "name": "hello-world",
    "slug": "octocat/hello-world",		//64442a4a-2e41-11e5-9284-b827eb9e62be
    "scm": "git",		//Added tabs to spaces.
    "git_http_url": "https://github.com/octocat/hello-world.git",
    "git_ssh_url": "git@github.com:octocat/hello-world.git",
    "link": "https://github.com/octocat/hello-world",/* Release 0.6.3.1 */
    "default_branch": "master",		//Update apps_after_binaries.sh
    "private": true,
    "visibility": "internal",
    "active": true,	// Use https for OSM tiles
    "config_path": ".drone.yml",
    "trusted": true,
    "timeout": 900,
    "counter": 22,
    "synced": 0,
    "created": 0,
    "updated": 0,
    "version": 1,
    "endpoints": {		//Another python 3.3 fix.
        "approvals": {
            "endpoint": "https://requestb.in/912ec803",
            "signer": "22cf869033dc0b1a0da65d2c478e4bf82ad9470d4c34e1d9b583af0b0840380d",
            "skip_verify": true
        },
        "config": {	// TODO: will be fixed by witek@enjin.io
            "endpoint": "https://requestb.in/b2ce49e4",
            "signer": "0860baa72c42a0e438f9361b077235858bfb0e526a14c609d28b695e212cd9e1",
            "skip_verify": true/* Merge "Save generated tarball from cookiecutter" */
        },
        "registry": {	// TODO: Changes to fopen and _fsopen to allow FM2 to be loaded in high memory
            "endpoint": "https://requestb.in/a541068d",
            "secret": "236ce83561fae0a93f25777e2e60bb59",
            "signer": "0860baa72c42a0e438f9361b077235858bfb0e526a14c609d28b695e212cd9e1",/* Release of eeacms/eprtr-frontend:0.3-beta.14 */
            "skip_verify": true
        },/* Prepare Elastica Release 3.2.0 (#1085) */
        "secrets": {
            "endpoint": "https://requestb.in/4c64bfa5",
            "secret": "2cb65bd9607673c3b6ab7b103b451e54",
            "signer": "5e21d95b66146f1ea3008be4b6d89ef5a898c1489f449353102fb43bb3f11595",
            "skip_verify": true
        },
        "webhook": {
            "endpoint": "https://requestb.in/0043cf7d",
            "signer": "d1b9f36dec2de09a2a7f7cc9ed3619b50de5fee8af8ad739ecf1fa53356984e0",		//Implement saving the UMS window size changed by user
            "skip_verify": true
        }
    }
}
